n/City-with-best-roads-in-the-world.jpg
n/Chuysky-tract.jpeg
n/csm_Crossborder_d301986fdc.jpg
n/demo-1.jpg
n/csm_Rusi_74bf2450ca.jpg
n/134002823.0.0.jpg
n/Essay-Roads-Featured.jpg
n/1200px-Road_in_Norway.jpg
n/file-20211104-13-fz0409.jpg
n/How_much_longer-.jpg
n/14-Great-Driving-Roads-gear-patrol-lead-full.jpg
n/ELCITA-3Rd-Vaidya-250522-scaled.jpg
n/18511.jpg
n/1307183.png
n/1300508.jpg
n/best-roads-in-the-world-2022-singapore.jpg
n/eb57de0f1202de36be9d251b80bce664e5bb095b.jpg
n/Different-Components-of-road-pavement-construction.jpg
n/concrete-roads-1.jpg
n/GettyImages-547031277-58ef97803df78cd3fc724e24.jpg
n/220930-Best-worst-roads.jpg
n/blog-2099x600-fastest-roads-poliki-adobestock-79106256-003.jpg
n/GettyImages-1124611325.jpg
n/52150373021_422b36ef30_k.jpg
n/highland-road-sep302021.jpg
n/Future-City-1wg7kkb.jpg
n/aerial-of-traffic-on-roads-in-austin-texas-mopac-banner.png
n/Are-Highways-Safer-Than-Roads.jpg
n/a-civil-engineers-look-at-roads-and-highways-image.jpg
n/aerial-view-intersecting-busy-traffic-city-h.format-jpeg.jpg
n/7e804e725bf14c4583d7622c7bfcc5c1.jpg
n/gettyimages-1136510408.jpg.rendition.intel.web.480.270.jpg
n/02political-briefing-infra-roads-sub-mediumSquareAt3X.jpg
n/country-roads-image.png
n/dreamstime_m_35528530.jpg
n/38076814946_e15221aa64_k.jpg
n/GotthardPassSwitzerland.JPG
n/Highway-1277246_640.jpg
n/_88068994_thinkstockphotos-493881770.jpg